PS C:\Projects\students_in_springboot> git checkout -b test-branch-1
Switched to a new branch 'test-branch-1'
PS C:\Projects\students_in_springboot> git log

    Rename properties to yaml

commit c21319a86063d81ef8e3edf5305ae6c7ce1c67c6
Author: syrymtheprofessor <syrym.cappelo@gmail.com>
Date:   Tue Mar 5 12:53:40 2024 +0500

LOL
SALAM ALEM
Privet mir


